Microchip MPLAB XC8 Compiler V2.46

Linker command line:

-W-3 \
  --edf=C:\Program Files\Microchip\xc8\v2.46\pic\dat\20240104201356_en.msgs \
  -pivt0x8=08h -cn -h+dist/default/production\pic.production.sym \
  --cmf=dist/default/production\pic.production.cmf -z -Q18F47K42 \
  -oC:\Users\harri\AppData\Local\Temp\xcAsstk.\driver_tmp_3.o \
  --defsym=__MPLAB_BUILD=1 --fixupoverflow=error \
  -Mdist/default/production/pic.production.map \
  --md=C:\Users\harri\AppData\Local\Temp\xcAsstk.\driver_tmp_0.dat -E1 \
  -ver=XC8 Compiler --acfsm=1493 -ACODE=00h-01FFFFh -ACONST=00h-01FFFFh \
  -ASMALLCONST=02000h-020FFhx480 \
  -AMEDIUMCONST=02000h-0FFFFh,012000h-01FFFFh -ACOMRAM=01h-05Fh \
  -AABS1=00h-01FFFh -ABIGRAM=01h-01FFFh -ARAM=060h-0FFh,0100h-01FFhx31 \
  -ABANK0=060h-0FFh -ABANK1=0100h-01FFh -ABANK2=0200h-02FFh \
  -ABANK3=0300h-03FFh -ABANK4=0400h-04FFh -ABANK5=0500h-05FFh \
  -ABANK6=0600h-06FFh -ABANK7=0700h-07FFh -ABANK8=0800h-08FFh \
  -ABANK9=0900h-09FFh -ABANK10=0A00h-0AFFh -ABANK11=0B00h-0BFFh \
  -ABANK12=0C00h-0CFFh -ABANK13=0D00h-0DFFh -ABANK14=0E00h-0EFFh \
  -ABANK15=0F00h-0FFFh -ABANK16=01000h-010FFh -ABANK17=01100h-011FFh \
  -ABANK18=01200h-012FFh -ABANK19=01300h-013FFh -ABANK20=01400h-014FFh \
  -ABANK21=01500h-015FFh -ABANK22=01600h-016FFh -ABANK23=01700h-017FFh \
  -ABANK24=01800h-018FFh -ABANK25=01900h-019FFh -ABANK26=01A00h-01AFFh \
  -ABANK27=01B00h-01BFFh -ABANK28=01C00h-01CFFh -ABANK29=01D00h-01DFFh \
  -ABANK30=01E00h-01EFFh -ABANK31=01F00h-01FFFh \
  -ASFR=03800h-038FFhx7,03F00h-03F5Fh,03F60h-03FFFh -ABIGSFR=03800h-03FFFh \
  -ACONFIG=0300000h-0300009h -AIDLOC=0200000h-020000Fh \
  -AEEDATA=0310000h-03103FFh -peeprom_data=EEDATA -preset_vec=00h \
  -ppowerup=CODE,init -pramtop=02000h -psmallconst=SMALLCONST \
  -pmediumconst=MEDIUMCONST -pconst=CONST -AFARRAM=00h-00h \
  -prdata=COMRAM,nvrram=COMRAM,nvbit=COMRAM,rbss=COMRAM,rbit=COMRAM \
  -pfarbss=FARRAM,fardata=FARRAM,nvFARRAM=FARRAM \
  -pintsave_regs=BIGRAM,bigbss=BIGRAM,bigdata=BIGRAM -pbss=RAM \
  -pidata=CODE,irdata=CODE,ibigdata=CODE,ifardata=CODE -prparam=COMRAM \
  C:\Users\harri\AppData\Local\Temp\xcAsstk.\driver_tmp_14.o \
  dist/default/production\pic.production.o 

Object code version is 3.11

Machine type is 18F47K42



                Name                               Link     Load   Length Selector   Space Scale
C:\Users\harri\AppData\Local\Temp\xcAsstk.\driver_tmp_14.o
                config                           300000   300000        A        0       4
                init                                 1A       1A        4        4       0
                reset_vec                             0        0        4        0       0
dist/default/production\pic.production.o
                config                           300000   300000        A        0       4
                smallconst                         2000     2000       5C     1000       0
                ivt0x8                                8        8       12        4       0
                text123                            5962     5962        6     102E       0
                text122                            595C     595C        6     102E       0
                text121                            5956     5956        6     102E       0
                text120                            57DC     57DC       16     102E       0
                text119                            57C6     57C6       16     102E       0
                text118                            57B0     57B0       16     102E       0
                text117                            4FF4     4FF4       52     102E       0
                text116                            561A     561A       24     102E       0
                text115                            4A50     4A50       8A     102E       0
                text114                            56D6     56D6       1C     102E       0
                text113                            54D2     54D2       30     102E       0
                text112                            54A2     54A2       30     102E       0
                text111                            5472     5472       30     102E       0
                text110                            5442     5442       30     102E       0
                text109                            5094     5094       4E     102E       0
                text108                            5978     5978        4     102E       0
                text107                            5974     5974        4     102E       0
                text106                            58E0     58E0        A     102E       0
                text105                            5950     5950        6     102E       0
                text104                            594A     594A        6     102E       0
                text103                            58D6     58D6        A     102E       0
                text102                            58CC     58CC        A     102E       0
                text101                            5912     5912        8     102E       0
                text100                            5944     5944        6     102E       0
                text99                             579A     579A       16     102E       0
                text98                             593E     593E        6     102E       0
                text97                             5938     5938        6     102E       0
                text96                             5932     5932        6     102E       0
                text95                             592C     592C        6     102E       0
                text94                             5784     5784       16     102E       0
                text93                             576E     576E       16     102E       0
                text92                             5758     5758       16     102E       0
                text91                             58A2     58A2        C     102E       0
                text90                             3D1A     3D1A      126     102E       0
                text89                             4928     4928       9E     102E       0
                text88                             4B5A     4B5A       7E     102E       0
                text87                             5888     5888        E     102E       0
                text86                             5970     5970        4     102E       0
                text85                             596C     596C        4     102E       0
                text84                             5586     5586       28     102E       0
                text83                             590A     590A        8     102E       0
                text82                             5902     5902        8     102E       0
                text81                             587A     587A        E     102E       0
                text80                             58FA     58FA        8     102E       0
                text79                             5816     5816       10     102E       0
                text78                             4DA8     4DA8       6E     102E       0
                text77                             4BD8     4BD8       76     102E       0
                text76                             5806     5806       10     102E       0
                text75                             5502     5502       2E     102E       0
                text74                             4884     4884       A4     102E       0
                text73                             4CC2     4CC2       74     102E       0
                text72                             5926     5926        6     102E       0
                text71                             4342     4342       E6     102E       0
                text70                             3368     3368      39C     102E       0
                text69                             3B62     3B62      1B8     102E       0
                text68                             512E     512E       4C     102E       0
                text67                             58F2     58F2        8     102E       0
                text66                             5896     5896        C     102E       0
                text65                             5680     5680       1E     102E       0
                text64                             5530     5530       2C     102E       0
                text63                             5920     5920        6     102E       0
                text62                             591A     591A        6     102E       0
                text61                             58C2     58C2        A     102E       0
                text60                             55F6     55F6       24     102E       0
                text59                             49C6     49C6       8A     102E       0
                text58                             56BA     56BA       1C     102E       0
                text57                             52FA     52FA       3A     102E       0
                text56                             52C0     52C0       3A     102E       0
                text55                             5286     5286       3A     102E       0
                text54                             524C     524C       3A     102E       0
                text53                             4F46     4F46       58     102E       0
                text52                             586C     586C        E     102E       0
                text51                             585E     585E        E     102E       0
                text50                             4684     4684       AE     102E       0
                text49                             58B8     58B8        A     102E       0
                text48                             53A4     53A4       38     102E       0
                text47                             5660     5660       20     102E       0
                text46                             5046     5046       4E     102E       0
                text45                             58EA     58EA        8     102E       0
                text44                             57F2     57F2       14     102E       0
                text43                             5412     5412       30     102E       0
                text42                             5850     5850        E     102E       0
                text41                             45CC     45CC       B8     102E       0
                text40                             569E     569E       1C     102E       0
                text39                             4ADA     4ADA       80     102E       0
                text38                             55D2     55D2       24     102E       0
                text37                             5968     5968        4     102E       0
                text36                             5740     5740       18     102E       0
                text35                             47DC     47DC       A8     102E       0
                text34                             55AE     55AE       24     102E       0
                text33                             5842     5842        E     102E       0
                text32                             5834     5834        E     102E       0
                text31                             5826     5826        E     102E       0
                text30                             4C4E     4C4E       74     102E       0
                text29                             5726     5726       1A     102E       0
                text28                             2F18     2F18      450     102E       0
                text27                             2A56     2A56      4C2     102E       0
                text26                             517A     517A       48     102E       0
                text25                             4E82     4E82       6A     102E       0
                text24                             4E16     4E16       6C     102E       0
                text23                             404C     404C      106     102E       0
                text22                             4732     4732       AA     102E       0
                text21                             3F46     3F46      106     102E       0
                text20                             536C     536C       38     102E       0
                text19                             3E40     3E40      106     102E       0
                text18                             4152     4152       FE     102E       0
                text17                             394C     394C      216     102E       0
                text16                             4F9E     4F9E       56     102E       0
                text15                             4EEC     4EEC       5A     102E       0
                text14                             570C     570C       1A     102E       0
                text13                             58AE     58AE        A     102E       0
                text12                             4428     4428       D8     102E       0
                text11                             5208     5208       44     102E       0
                text10                             4D36     4D36       72     102E       0
                text9                              51C2     51C2       46     102E       0
                text8                              205C     205C      9FA     102E       0
                text7                              555C     555C       2A     102E       0
                text6                              4500     4500       CC     102E       0
                text5                              3704     3704      248     102E       0
                text4                              50E2     50E2       4C     102E       0
                text3                              563E     563E       22     102E       0
                text2                              56F2     56F2       1A     102E       0
                text1                              5334     5334       38     102E       0
                text0                              4250     4250       F2     102E       0
                cstackCOMRAM                          1        1       2F        1       1
                cstackBANK0                          60       60       95       60       1
                cstackBANK1                         17A      17A       15      100       1
                bssBANK1                            100      100       7A      100       1
                bssBANK0                             F5       F5        B       60       1
                bssCOMRAM                            3D       3D        8        1       1
                cinit                              53DC     53DC       36     102E       0
                nvCOMRAM                             30       30        D        1       1

TOTAL           Name                               Link     Load   Length     Space
        CLASS   CODE           
                init                                 1A       1A        4         0
                reset_vec                             0        0        4         0
                ivt0x8                                8        8       12         0
                text123                            5962     5962        6         0
                text122                            595C     595C        6         0
                text121                            5956     5956        6         0
                text120                            57DC     57DC       16         0
                text119                            57C6     57C6       16         0
                text118                            57B0     57B0       16         0
                text117                            4FF4     4FF4       52         0
                text116                            561A     561A       24         0
                text115                            4A50     4A50       8A         0
                text114                            56D6     56D6       1C         0
                text113                            54D2     54D2       30         0
                text112                            54A2     54A2       30         0
                text111                            5472     5472       30         0
                text110                            5442     5442       30         0
                text109                            5094     5094       4E         0
                text108                            5978     5978        4         0
                text107                            5974     5974        4         0
                text106                            58E0     58E0        A         0
                text105                            5950     5950        6         0
                text104                            594A     594A        6         0
                text103                            58D6     58D6        A         0
                text102                            58CC     58CC        A         0
                text101                            5912     5912        8         0
                text100                            5944     5944        6         0
                text99                             579A     579A       16         0
                text98                             593E     593E        6         0
                text97                             5938     5938        6         0
                text96                             5932     5932        6         0
                text95                             592C     592C        6         0
                text94                             5784     5784       16         0
                text93                             576E     576E       16         0
                text92                             5758     5758       16         0
                text91                             58A2     58A2        C         0
                text90                             3D1A     3D1A      126         0
                text89                             4928     4928       9E         0
                text88                             4B5A     4B5A       7E         0
                text87                             5888     5888        E         0
                text86                             5970     5970        4         0
                text85                             596C     596C        4         0
                text84                             5586     5586       28         0
                text83                             590A     590A        8         0
                text82                             5902     5902        8         0
                text81                             587A     587A        E         0
                text80                             58FA     58FA        8         0
                text79                             5816     5816       10         0
                text78                             4DA8     4DA8       6E         0
                text77                             4BD8     4BD8       76         0
                text76                             5806     5806       10         0
                text75                             5502     5502       2E         0
                text74                             4884     4884       A4         0
                text73                             4CC2     4CC2       74         0
                text72                             5926     5926        6         0
                text71                             4342     4342       E6         0
                text70                             3368     3368      39C         0
                text69                             3B62     3B62      1B8         0
                text68                             512E     512E       4C         0
                text67                             58F2     58F2        8         0
                text66                             5896     5896        C         0
                text65                             5680     5680       1E         0
                text64                             5530     5530       2C         0
                text63                             5920     5920        6         0
                text62                             591A     591A        6         0
                text61                             58C2     58C2        A         0
                text60                             55F6     55F6       24         0
                text59                             49C6     49C6       8A         0
                text58                             56BA     56BA       1C         0
                text57                             52FA     52FA       3A         0
                text56                             52C0     52C0       3A         0
                text55                             5286     5286       3A         0
                text54                             524C     524C       3A         0
                text53                             4F46     4F46       58         0
                text52                             586C     586C        E         0
                text51                             585E     585E        E         0
                text50                             4684     4684       AE         0
                text49                             58B8     58B8        A         0
                text48                             53A4     53A4       38         0
                text47                             5660     5660       20         0
                text46                             5046     5046       4E         0
                text45                             58EA     58EA        8         0
                text44                             57F2     57F2       14         0
                text43                             5412     5412       30         0
                text42                             5850     5850        E         0
                text41                             45CC     45CC       B8         0
                text40                             569E     569E       1C         0
                text39                             4ADA     4ADA       80         0
                text38                             55D2     55D2       24         0
                text37                             5968     5968        4         0
                text36                             5740     5740       18         0
                text35                             47DC     47DC       A8         0
                text34                             55AE     55AE       24         0
                text33                             5842     5842        E         0
                text32                             5834     5834        E         0
                text31                             5826     5826        E         0
                text30                             4C4E     4C4E       74         0
                text29                             5726     5726       1A         0
                text28                             2F18     2F18      450         0
                text27                             2A56     2A56      4C2         0
                text26                             517A     517A       48         0
                text25                             4E82     4E82       6A         0
                text24                             4E16     4E16       6C         0
                text23                             404C     404C      106         0
                text22                             4732     4732       AA         0
                text21                             3F46     3F46      106         0
                text20                             536C     536C       38         0
                text19                             3E40     3E40      106         0
                text18                             4152     4152       FE         0
                text17                             394C     394C      216         0
                text16                             4F9E     4F9E       56         0
                text15                             4EEC     4EEC       5A         0
                text14                             570C     570C       1A         0
                text13                             58AE     58AE        A         0
                text12                             4428     4428       D8         0
                text11                             5208     5208       44         0
                text10                             4D36     4D36       72         0
                text9                              51C2     51C2       46         0
                text8                              205C     205C      9FA         0
                text7                              555C     555C       2A         0
                text6                              4500     4500       CC         0
                text5                              3704     3704      248         0
                text4                              50E2     50E2       4C         0
                text3                              563E     563E       22         0
                text2                              56F2     56F2       1A         0
                text1                              5334     5334       38         0
                text0                              4250     4250       F2         0
                cinit                              53DC     53DC       36         0

        CLASS   CONST          

        CLASS   SMALLCONST     
                smallconst                         2000     2000       5C         0

        CLASS   MEDIUMCONST    

        CLASS   COMRAM         
                cstackCOMRAM                          1        1       2F         1
                bssCOMRAM                            3D       3D        8         1
                nvCOMRAM                             30       30        D         1

        CLASS   ABS1           

        CLASS   BIGRAM         

        CLASS   RAM            

        CLASS   BANK0          
                cstackBANK0                          60       60       95         1
                bssBANK0                             F5       F5        B         1

        CLASS   BANK1          
                cstackBANK1                         17A      17A       15         1
                bssBANK1                            100      100       7A         1

        CLASS   BANK2          

        CLASS   BANK3          

        CLASS   BANK4          

        CLASS   BANK5          

        CLASS   BANK6          

        CLASS   BANK7          

        CLASS   BANK8          

        CLASS   BANK9          

        CLASS   BANK10         

        CLASS   BANK11         

        CLASS   BANK12         

        CLASS   BANK13         

        CLASS   BANK14         

        CLASS   BANK15         

        CLASS   BANK16         

        CLASS   BANK17         

        CLASS   BANK18         

        CLASS   BANK19         

        CLASS   BANK20         

        CLASS   BANK21         

        CLASS   BANK22         

        CLASS   BANK23         

        CLASS   BANK24         

        CLASS   BANK25         

        CLASS   BANK26         

        CLASS   BANK27         

        CLASS   BANK28         

        CLASS   BANK29         

        CLASS   BANK30         

        CLASS   BANK31         

        CLASS   SFR            

        CLASS   BIGSFR         

        CLASS   CONFIG         
                config                           300000   300000        A         4

        CLASS   IDLOC          

        CLASS   EEDATA         

        CLASS   FARRAM         

        CLASS   HEAP           

        CLASS   STACK          



SEGMENTS        Name                           Load    Length   Top    Selector   Space  Class

                reset_vec                      000000  000004  000004         0       0  CODE    
                cstackCOMRAM                   000001  000044  000045         1       1  COMRAM  
                ivt0x8                         000008  000016  00001E         4       0  CODE    
                cstackBANK0                    000060  0000A0  000100        60       1  BANK0   
                bssBANK1                       000100  00008F  00018F       100       1  BANK1   
                smallconst                     002000  00005C  00205C      1000       0  SMALLCON
                text8                          00205C  003920  00597C      102E       0  CODE    


UNUSED ADDRESS RANGES

        Name                Unused          Largest block    Delta
        BANK1            00018F-0001FF               71
        BANK10           000A00-000AFF              100
        BANK11           000B00-000BFF              100
        BANK12           000C00-000CFF              100
        BANK13           000D00-000DFF              100
        BANK14           000E00-000EFF              100
        BANK15           000F00-000FFF              100
        BANK16           001000-0010FF              100
        BANK17           001100-0011FF              100
        BANK18           001200-0012FF              100
        BANK19           001300-0013FF              100
        BANK2            000200-0002FF              100
        BANK20           001400-0014FF              100
        BANK21           001500-0015FF              100
        BANK22           001600-0016FF              100
        BANK23           001700-0017FF              100
        BANK24           001800-0018FF              100
        BANK25           001900-0019FF              100
        BANK26           001A00-001AFF              100
        BANK27           001B00-001BFF              100
        BANK28           001C00-001CFF              100
        BANK29           001D00-001DFF              100
        BANK3            000300-0003FF              100
        BANK30           001E00-001EFF              100
        BANK31           001F00-001FFF              100
        BANK4            000400-0004FF              100
        BANK5            000500-0005FF              100
        BANK6            000600-0006FF              100
        BANK7            000700-0007FF              100
        BANK8            000800-0008FF              100
        BANK9            000900-0009FF              100
        BIGRAM           000045-00005F               1B
                         00018F-001FFF             1E71
        BIGSFR           003800-003FFF              800
        CODE             000004-000007                4
                         00001E-001FFF             1FE2
                         00597C-01FFFF            1A684
        COMRAM           000045-00005F               1B
        CONST            000004-000007                4
                         00001E-001FFF             1FE2
                         00597C-01FFFF            1A684
        EEDATA           310000-3103FF              400
        IDLOC            200000-20000F               10
        MEDIUMCONST      00597C-00FFFF             A684
                         012000-01FFFF             E000
        RAM              00018F-001FFF              100
        SFR              003800-003FFF              100
        SMALLCONST       00597C-01FFFF              100

                                  Symbol Table

?_Humidity_Format                             cstackBANK0  000087
?___fladd                                     cstackBANK0  0000A0
?___fldiv                                     cstackBANK0  00006E
?___flmul                                     cstackBANK0  000087
?___flneg                                     cstackCOMRAM 00001C
?___flsub                                     cstackBANK0  0000B0
?___fltol                                     cstackCOMRAM 00001C
?___fpclassifyf                               cstackCOMRAM 00001C
?___lmul                                      cstackCOMRAM 00001C
?___wmul                                      cstackCOMRAM 00001C
?___xxtofl                                    cstackBANK0  000060
?_floorf                                      cstackBANK0  000087
?_generateRandomSpeed                         cstackBANK0  0000B8
?_labs                                        cstackCOMRAM 00001C
?_printf                                      cstackBANK1  000184
?_rand                                        cstackCOMRAM 000028
?_read_prec_or_width                          cstackCOMRAM 000022
?_time                                        cstackCOMRAM 00001C
?_vfprintf                                    cstackBANK1  000180
Humidity_Format@data                          cstackCOMRAM 00002E
I2C2_CallbackReturnReset@funPtr               cstackCOMRAM 000027
I2C2_Close@returnValue                        cstackCOMRAM 00001C
I2C2_DO_RX@retFsmState                        cstackCOMRAM 000003
I2C2_DO_TX@dataTx                             cstackCOMRAM 000011
I2C2_DO_TX@retFsmState                        cstackCOMRAM 000012
I2C2_MasterOperation@read                     cstackCOMRAM 00002C
I2C2_MasterOperation@returnValue              cstackCOMRAM 00002D
I2C2_MasterSendTxData@data                    cstackCOMRAM 00001C
I2C2_MasterSetCounter@counter                 cstackCOMRAM 00001C
I2C2_Open@address                             cstackCOMRAM 00001F
I2C2_Open@returnValue                         cstackCOMRAM 000020
I2C2_Read1ByteRegister@address                cstackBANK0  000060
I2C2_Read1ByteRegister@reg                    cstackCOMRAM 00002E
I2C2_Read1ByteRegister@returnValue            cstackBANK0  000061
I2C2_SetAddressNackCallback@cb                cstackCOMRAM 000022
I2C2_SetAddressNackCallback@ptr               cstackCOMRAM 000025
I2C2_SetBuffer@buffer                         cstackCOMRAM 00001C
I2C2_SetBuffer@bufferSize                     cstackCOMRAM 00001E
I2C2_SetCallback@cb                           cstackCOMRAM 00001C
I2C2_SetCallback@idx                          cstackCOMRAM 000021
I2C2_SetCallback@ptr                          cstackCOMRAM 00001F
I2C2_SetDataCompleteCallback@cb               cstackCOMRAM 000022
I2C2_SetDataCompleteCallback@ptr              cstackCOMRAM 000025
I2C2_SetInterruptHandler@InterruptHandler     cstackCOMRAM 00001C
INTSTAT_ADDR                                  (abs)        0000D3
IVTBASEH                                      (abs)        003FD6
IVTBASEL                                      (abs)        003FD5
IVTBASEU                                      (abs)        003FD7
UART1_SetErrorHandler@interruptHandler        cstackCOMRAM 00001C
UART1_SetFramingErrorHandler@interruptHandler cstackCOMRAM 00001C
UART1_SetOverrunErrorHandler@interruptHandler cstackCOMRAM 00001C
UART1_Write@txData                            cstackCOMRAM 00001C
_ANSELA                                       (abs)        003A40
_ANSELB                                       (abs)        003A50
_ANSELC                                       (abs)        003A60
_ANSELD                                       (abs)        003A70
_ANSELE                                       (abs)        003A80
_Humidity_Format                              text68       00512E
_I2C2CLK                                      (abs)        003D65
_I2C2CNT                                      (abs)        003D56
_I2C2CON0                                     (abs)        003D5D
_I2C2CON0bits                                 (abs)        003D5D
_I2C2CON1                                     (abs)        003D5E
_I2C2CON1bits                                 (abs)        003D5E
_I2C2CON2                                     (abs)        003D5F
_I2C2ERR                                      (abs)        003D60
_I2C2ERRbits                                  (abs)        003D60
_I2C2PIE                                      (abs)        003D64
_I2C2PIEbits                                  (abs)        003D64
_I2C2PIR                                      (abs)        003D63
_I2C2PIRbits                                  (abs)        003D63
_I2C2RXB                                      (abs)        003D54
_I2C2SCLPPS                                   (abs)        003AE3
_I2C2SDAPPS                                   (abs)        003AE4
_I2C2STAT1bits                                (abs)        003D62
_I2C2TXB                                      (abs)        003D55
_I2C2_CallbackReturnReset                     text51       00585E
_I2C2_CallbackReturnReset$intlevel0           text51       005868
_I2C2_CallbackReturnStop                      text52       00586C
_I2C2_CallbackReturnStop$intlevel0            text52       005876
_I2C2_ClearInterruptFlags                     text117      004FF4
_I2C2_Close                                   text64       005530
_I2C2_DO_ADDRESS_NACK                         text78       004DA8
_I2C2_DO_BUS_COLLISION                        text77       004BD8
_I2C2_DO_BUS_ERROR                            text76       005806
_I2C2_DO_IDLE                                 text91       0058A2
_I2C2_DO_RESET                                text79       005816
_I2C2_DO_RX                                   text89       004928
_I2C2_DO_RX_ACK                               text83       00590A
_I2C2_DO_RX_EMPTY                             text50       004684
_I2C2_DO_RX_EMPTY$intlevel0                   text50       00468E
_I2C2_DO_RX_NACK_RESTART                      text80       0058FA
_I2C2_DO_RX_NACK_STOP                         text81       00587A
_I2C2_DO_SEND_ADR_READ                        text48       0053A4
_I2C2_DO_SEND_ADR_READ$intlevel0              text48       0053AE
_I2C2_DO_SEND_ADR_WRITE                       text47       005660
_I2C2_DO_SEND_ADR_WRITE$intlevel0             text47       00566A
_I2C2_DO_SEND_RESTART                         text85       00596C
_I2C2_DO_SEND_RESTART_READ                    text87       005888
_I2C2_DO_SEND_RESTART_WRITE                   text86       005970
_I2C2_DO_SEND_STOP                            text84       005586
_I2C2_DO_TX                                   text90       003D1A
_I2C2_DO_TX$1159                              cstackCOMRAM 000013
_I2C2_DO_TX_ACK                               text82       005902
_I2C2_DO_TX_EMPTY                             text88       004B5A
_I2C2_Initialize                              text38       0055D2
_I2C2_InterruptHandler                        bssCOMRAM    000041
_I2C2_MasterClearCountFlag                    text123      005962
_I2C2_MasterClearIrq                          text67       0058F2
_I2C2_MasterClearNackFlag                     text122      00595C
_I2C2_MasterClearStopFlag                     text121      005956
_I2C2_MasterClose                             text66       005896
_I2C2_MasterDisableIrq                        text65       005680
_I2C2_MasterDisableRestart                    text63       005920
_I2C2_MasterEnableIrq                         text44       0057F2
_I2C2_MasterEnableRestart                     text62       00591A
_I2C2_MasterFsm                               text73       004CC2
_I2C2_MasterGetCounter                        text95       00592C
_I2C2_MasterGetRxData                         text100      005944
_I2C2_MasterIsCountFlagSet                    text120      0057DC
_I2C2_MasterIsNack                            text94       005784
_I2C2_MasterIsNackFlagSet                     text119      0057C6
_I2C2_MasterIsRxBufFull                       text99       00579A
_I2C2_MasterIsStopFlagSet                     text118      0057B0
_I2C2_MasterIsTxBufEmpty                      text93       00576E
_I2C2_MasterIsr                               text72       005926
_I2C2_MasterOpen                              text43       005412
_I2C2_MasterOperation                         text46       005046
_I2C2_MasterResetBus                          text106      0058E0
_I2C2_MasterSendAck                           text98       00593E
_I2C2_MasterSendNack                          text97       005938
_I2C2_MasterSendTxData                        text49       0058B8
_I2C2_MasterSetCounter                        text61       0058C2
_I2C2_MasterStop                              text96       005932
_I2C2_MasterWrite                             text45       0058EA
_I2C2_Open                                    text41       0045CC
_I2C2_Read1ByteRegister                       text39       004ADA
_I2C2_SetAddressNackCallback                  text40       00569E
_I2C2_SetBuffer                               text60       0055F6
_I2C2_SetCallback                             text59       0049C6
_I2C2_SetDataCompleteCallback                 text58       0056BA
_I2C2_SetInterruptHandler                     text42       005850
_I2C2_Status                                  bssBANK1     000100
_INLVLA                                       (abs)        003A44
_INLVLB                                       (abs)        003A54
_INLVLC                                       (abs)        003A64
_INLVLD                                       (abs)        003A74
_INLVLE                                       (abs)        003A84
_INTCON0bits                                  (abs)        003FD2
_INTERRUPT_Initialize                         text37       005968
_INTERRUPT_InterruptManager                   text71       004342
_LATA                                         (abs)        003FBA
_LATB                                         (abs)        003FBB
_LATC                                         (abs)        003FBC
_LATCbits                                     (abs)        003FBC
_LATD                                         (abs)        003FBD
_LATE                                         (abs)        003FBE
_ODCONA                                       (abs)        003A42
_ODCONB                                       (abs)        003A52
_ODCONC                                       (abs)        003A62
_ODCOND                                       (abs)        003A72
_ODCONE                                       (abs)        003A82
_OSCCON1                                      (abs)        0039D9
_OSCCON3                                      (abs)        0039DB
_OSCEN                                        (abs)        0039DD
_OSCFRQ                                       (abs)        0039DF
_OSCILLATOR_Initialize                        text36       005740
_OSCTUNE                                      (abs)        0039DE
_PIE5bits                                     (abs)        003995
_PIE6bits                                     (abs)        003996
_PIN_MANAGER_Initialize                       text35       0047DC
_PIR3bits                                     (abs)        0039A3
_PIR5bits                                     (abs)        0039A5
_PIR6bits                                     (abs)        0039A6
_PMD0                                         (abs)        0039C0
_PMD1                                         (abs)        0039C1
_PMD2                                         (abs)        0039C2
_PMD3                                         (abs)        0039C3
_PMD4                                         (abs)        0039C4
_PMD5                                         (abs)        0039C5
_PMD6                                         (abs)        0039C6
_PMD7                                         (abs)        0039C7
_PMD_Initialize                               text34       0055AE
_RB1I2C                                       (abs)        003A5A
_RB1PPS                                       (abs)        003A09
_RB2I2C                                       (abs)        003A5B
_RB2PPS                                       (abs)        003A0A
_RC3I2C                                       (abs)        003A6A
_RC4I2C                                       (abs)        003A6B
_RC6PPS                                       (abs)        003A16
_RD0I2C                                       (abs)        003A7A
_RD1I2C                                       (abs)        003A7B
_SLRCONA                                      (abs)        003A43
_SLRCONB                                      (abs)        003A53
_SLRCONC                                      (abs)        003A63
_SLRCOND                                      (abs)        003A73
_SLRCONE                                      (abs)        003A83
_SYSTEM_Initialize                            text29       005726
_TRISA                                        (abs)        003FC2
_TRISB                                        (abs)        003FC3
_TRISC                                        (abs)        003FC4
_TRISD                                        (abs)        003FC5
_TRISE                                        (abs)        003FC6
_U1BRGH                                       (abs)        003DF6
_U1BRGL                                       (abs)        003DF5
_U1CON0                                       (abs)        003DF2
_U1CON0bits                                   (abs)        003DF2
_U1CON1                                       (abs)        003DF3
_U1CON2                                       (abs)        003DF4
_U1ERRIE                                      (abs)        003DFA
_U1ERRIR                                      (abs)        003DF9
_U1ERRIRbits                                  (abs)        003DF9
_U1FIFO                                       (abs)        003DF7
_U1P1H                                        (abs)        003DED
_U1P1L                                        (abs)        003DEC
_U1P2H                                        (abs)        003DEF
_U1P2L                                        (abs)        003DEE
_U1P3H                                        (abs)        003DF1
_U1P3L                                        (abs)        003DF0
_U1RXB                                        (abs)        003DE8
_U1RXPPS                                      (abs)        003AE5
_U1TXB                                        (abs)        003DEA
_U1UIR                                        (abs)        003DF8
_UART1_DefaultErrorHandler                    (abs)        000000
_UART1_DefaultFramingErrorHandler             (abs)        000000
_UART1_DefaultOverrunErrorHandler             (abs)        000000
_UART1_ErrorHandler                           nvCOMRAM     000030
_UART1_FramingErrorHandler                    nvCOMRAM     000036
_UART1_Initialize                             text30       004C4E
_UART1_OverrunErrorHandler                    nvCOMRAM     000033
_UART1_SetErrorHandler                        text33       005842
_UART1_SetFramingErrorHandler                 text32       005834
_UART1_SetOverrunErrorHandler                 text31       005826
_UART1_Write                                  text14       00570C
_WPUA                                         (abs)        003A41
_WPUB                                         (abs)        003A51
_WPUC                                         (abs)        003A61
_WPUD                                         (abs)        003A71
_WPUE                                         (abs)        003A81
__HRAM                                        (abs)        000000
__H__absolute__                               __absolute__ 000000
__Habs1                                       abs1         000000
__Hbank0                                      bank0        000000
__Hbank1                                      bank1        000000
__Hbank10                                     bank10       000000
__Hbank11                                     bank11       000000
__Hbank12                                     bank12       000000
__Hbank13                                     bank13       000000
__Hbank14                                     bank14       000000
__Hbank15                                     bank15       000000
__Hbank16                                     bank16       000000
__Hbank17                                     bank17       000000
__Hbank18                                     bank18       000000
__Hbank19                                     bank19       000000
__Hbank2                                      bank2        000000
__Hbank20                                     bank20       000000
__Hbank21                                     bank21       000000
__Hbank22                                     bank22       000000
__Hbank23                                     bank23       000000
__Hbank24                                     bank24       000000
__Hbank25                                     bank25       000000
__Hbank26                                     bank26       000000
__Hbank27                                     bank27       000000
__Hbank28                                     bank28       000000
__Hbank29                                     bank29       000000
__Hbank3                                      bank3        000000
__Hbank30                                     bank30       000000
__Hbank31                                     bank31       000000
__Hbank4                                      bank4        000000
__Hbank5                                      bank5        000000
__Hbank6                                      bank6        000000
__Hbank7                                      bank7        000000
__Hbank8                                      bank8        000000
__Hbank9                                      bank9        000000
__Hbigbss                                     bigbss       000000
__Hbigdata                                    bigdata      000000
__Hbigram                                     bigram       000000
__Hbigsfr                                     bigsfr       000000
__Hbss                                        bss          000000
__HbssBANK0                                   bssBANK0     000000
__HbssBANK1                                   bssBANK1     000000
__HbssCOMRAM                                  bssCOMRAM    000000
__Hcinit                                      cinit        000000
__Hclrtext                                    clrtext      000000
__Hcomram                                     comram       000000
__Hconfig                                     config       30000A
__Hconst                                      const        000000
__HcstackBANK0                                cstackBANK0  000000
__HcstackBANK1                                cstackBANK1  000000
__HcstackCOMRAM                               cstackCOMRAM 000000
__Hdata                                       data         000000
__Heeprom_data                                eeprom_data  000000
__Hfarbss                                     farbss       000000
__Hfardata                                    fardata      000000
__Hheap                                       heap         000000
__Hibigdata                                   ibigdata     000000
__Hidata                                      idata        000000
__Hidloc                                      idloc        000000
__Hifardata                                   ifardata     000000
__Hinit                                       init         00001E
__Hintsave_regs                               intsave_regs 000000
__Hirdata                                     irdata       000000
__Hivt0x8                                     ivt0x8       00001A
__Hmediumconst                                mediumconst  000000
__HnvCOMRAM                                   nvCOMRAM     000000
__HnvFARRAM                                   nvFARRAM     000000
__Hnvbit                                      nvbit        000000
__Hnvrram                                     nvrram       000000
__Hparam                                      rparam       000000
__Hpowerup                                    powerup      000000
__Hram                                        ram          000000
__Hramtop                                     ramtop       002000
__Hrbit                                       rbit         000000
__Hrbss                                       rbss         000000
__Hrdata                                      rdata        000000
__Hreset_vec                                  reset_vec    000004
__Hrparam                                     rparam       000000
__Hsfr                                        sfr          000000
__Hsmallconst                                 smallconst   00205C
__Hspace_0                                    (abs)        00597C
__Hspace_1                                    (abs)        00018F
__Hspace_2                                    (abs)        000000
__Hspace_4                                    (abs)        60000A
__Hstack                                      stack        000000
__Hstruct                                     struct       000000
__Htemp                                       temp         000000
__Htext                                       text         000000
__Htext0                                      text0        000000
__Htext1                                      text1        000000
__Htext10                                     text10       000000
__Htext100                                    text100      000000
__Htext101                                    text101      000000
__Htext102                                    text102      000000
__Htext103                                    text103      000000
__Htext104                                    text104      000000
__Htext105                                    text105      000000
__Htext106                                    text106      000000
__Htext107                                    text107      000000
__Htext108                                    text108      000000
__Htext109                                    text109      000000
__Htext11                                     text11       000000
__Htext110                                    text110      000000
__Htext111                                    text111      000000
__Htext112                                    text112      000000
__Htext113                                    text113      000000
__Htext114                                    text114      000000
__Htext115                                    text115      000000
__Htext116                                    text116      000000
__Htext117                                    text117      000000
__Htext118                                    text118      000000
__Htext119                                    text119      000000
__Htext12                                     text12       000000
__Htext120                                    text120      000000
__Htext121                                    text121      000000
__Htext122                                    text122      000000
__Htext123                                    text123      000000
__Htext13                                     text13       000000
__Htext14                                     text14       000000
__Htext15                                     text15       000000
__Htext16                                     text16       000000
__Htext17                                     text17       000000
__Htext18                                     text18       000000
__Htext19                                     text19       000000
__Htext2                                      text2        000000
__Htext20                                     text20       000000
__Htext21                                     text21       000000
__Htext22                                     text22       000000
__Htext23                                     text23       000000
__Htext24                                     text24       000000
__Htext25                                     text25       000000
__Htext26                                     text26       000000
__Htext27                                     text27       000000
__Htext28                                     text28       000000
__Htext29                                     text29       000000
__Htext3                                      text3        000000
__Htext30                                     text30       000000
__Htext31                                     text31       000000
__Htext32                                     text32       000000
__Htext33                                     text33       000000
__Htext34                                     text34       000000
__Htext35                                     text35       000000
__Htext36                                     text36       000000
__Htext37                                     text37       000000
__Htext38                                     text38       000000
__Htext39                                     text39       000000
__Htext4                                      text4        000000
__Htext40                                     text40       000000
__Htext41                                     text41       000000
__Htext42                                     text42       000000
__Htext43                                     text43       000000
__Htext44                                     text44       000000
__Htext45                                     text45       000000
__Htext46                                     text46       000000
__Htext47                                     text47       000000
__Htext48                                     text48       000000
__Htext49                                     text49       000000
__Htext5                                      text5        000000
__Htext50                                     text50       000000
__Htext51                                     text51       000000
__Htext52                                     text52       000000
__Htext53                                     text53       000000
__Htext54                                     text54       000000
__Htext55                                     text55       000000
__Htext56                                     text56       000000
__Htext57                                     text57       000000
__Htext58                                     text58       000000
__Htext59                                     text59       000000
__Htext6                                      text6        000000
__Htext60                                     text60       000000
__Htext61                                     text61       000000
__Htext62                                     text62       000000
__Htext63                                     text63       000000
__Htext64                                     text64       000000
__Htext65                                     text65       000000
__Htext66                                     text66       000000
__Htext67                                     text67       000000
__Htext68                                     text68       000000
__Htext69                                     text69       000000
__Htext7                                      text7        000000
__Htext70                                     text70       000000
__Htext71                                     text71       000000
__Htext72                                     text72       000000
__Htext73                                     text73       000000
__Htext74                                     text74       000000
__Htext75                                     text75       000000
__Htext76                                     text76       000000
__Htext77                                     text77       000000
__Htext78                                     text78       000000
__Htext79                                     text79       000000
__Htext8                                      text8        000000
__Htext80                                     text80       000000
__Htext81                                     text81       000000
__Htext82                                     text82       000000
__Htext83                                     text83       000000
__Htext84                                     text84       000000
__Htext85                                     text85       000000
__Htext86                                     text86       000000
__Htext87                                     text87       000000
__Htext88                                     text88       000000
__Htext89                                     text89       000000
__Htext9                                      text9        000000
__Htext90                                     text90       000000
__Htext91                                     text91       000000
__Htext92                                     text92       000000
__Htext93                                     text93       000000
__Htext94                                     text94       000000
__Htext95                                     text95       000000
__Htext96                                     text96       000000
__Htext97                                     text97       000000
__Htext98                                     text98       000000
__Htext99                                     text99       000000
__LRAM                                        (abs)        000001
__L__absolute__                               __absolute__ 000000
__Labs1                                       abs1         000000
__Lbank0                                      bank0        000000
__Lbank1                                      bank1        000000
__Lbank10                                     bank10       000000
__Lbank11                                     bank11       000000
__Lbank12                                     bank12       000000
__Lbank13                                     bank13       000000
__Lbank14                                     bank14       000000
__Lbank15                                     bank15       000000
__Lbank16                                     bank16       000000
__Lbank17                                     bank17       000000
__Lbank18                                     bank18       000000
__Lbank19                                     bank19       000000
__Lbank2                                      bank2        000000
__Lbank20                                     bank20       000000
__Lbank21                                     bank21       000000
__Lbank22                                     bank22       000000
__Lbank23                                     bank23       000000
__Lbank24                                     bank24       000000
__Lbank25                                     bank25       000000
__Lbank26                                     bank26       000000
__Lbank27                                     bank27       000000
__Lbank28                                     bank28       000000
__Lbank29                                     bank29       000000
__Lbank3                                      bank3        000000
__Lbank30                                     bank30       000000
__Lbank31                                     bank31       000000
__Lbank4                                      bank4        000000
__Lbank5                                      bank5        000000
__Lbank6                                      bank6        000000
__Lbank7                                      bank7        000000
__Lbank8                                      bank8        000000
__Lbank9                                      bank9        000000
__Lbigbss                                     bigbss       000000
__Lbigdata                                    bigdata      000000
__Lbigram                                     bigram       000000
__Lbigsfr                                     bigsfr       000000
__Lbss                                        bss          000000
__LbssBANK0                                   bssBANK0     000000
__LbssBANK1                                   bssBANK1     000000
__LbssCOMRAM                                  bssCOMRAM    000000
__Lcinit                                      cinit        000000
__Lclrtext                                    clrtext      000000
__Lcomram                                     comram       000000
__Lconfig                                     config       000000
__Lconst                                      const        000000
__LcstackBANK0                                cstackBANK0  000000
__LcstackBANK1                                cstackBANK1  000000
__LcstackCOMRAM                               cstackCOMRAM 000000
__Ldata                                       data         000000
__Leeprom_data                                eeprom_data  000000
__Lfarbss                                     farbss       000000
__Lfardata                                    fardata      000000
__Lheap                                       heap         000000
__Libigdata                                   ibigdata     000000
__Lidata                                      idata        000000
__Lidloc                                      idloc        000000
__Lifardata                                   ifardata     000000
__Linit                                       init         00001A
__Lintsave_regs                               intsave_regs 000000
__Lirdata                                     irdata       000000
__Livt0x8                                     ivt0x8       000008
__Lmediumconst                                mediumconst  000000
__LnvCOMRAM                                   nvCOMRAM     000000
__LnvFARRAM                                   nvFARRAM     000000
__Lnvbit                                      nvbit        000000
__Lnvrram                                     nvrram       000000
__Lparam                                      rparam       000000
__Lpowerup                                    powerup      000000
__Lram                                        ram          000000
__Lramtop                                     ramtop       002000
__Lrbit                                       rbit         000000
__Lrbss                                       rbss         000000
__Lrdata                                      rdata        000000
__Lreset_vec                                  reset_vec    000000
__Lrparam                                     rparam       000000
__Lsfr                                        sfr          000000
__Lsmallconst                                 smallconst   002000
__Lspace_0                                    (abs)        000000
__Lspace_1                                    (abs)        000000
__Lspace_2                                    (abs)        000000
__Lspace_4                                    (abs)        000000
__Lstack                                      stack        000000
__Lstruct                                     struct       000000
__Ltemp                                       temp         000000
__Ltext                                       text         000000
__Ltext0                                      text0        000000
__Ltext1                                      text1        000000
__Ltext10                                     text10       000000
__Ltext100                                    text100      000000
__Ltext101                                    text101      000000
__Ltext102                                    text102      000000
__Ltext103                                    text103      000000
__Ltext104                                    text104      000000
__Ltext105                                    text105      000000
__Ltext106                                    text106      000000
__Ltext107                                    text107      000000
__Ltext108                                    text108      000000
__Ltext109                                    text109      000000
__Ltext11                                     text11       000000
__Ltext110                                    text110      000000
__Ltext111                                    text111      000000
__Ltext112                                    text112      000000
__Ltext113                                    text113      000000
__Ltext114                                    text114      000000
__Ltext115                                    text115      000000
__Ltext116                                    text116      000000
__Ltext117                                    text117      000000
__Ltext118                                    text118      000000
__Ltext119                                    text119      000000
__Ltext12                                     text12       000000
__Ltext120                                    text120      000000
__Ltext121                                    text121      000000
__Ltext122                                    text122      000000
__Ltext123                                    text123      000000
__Ltext13                                     text13       000000
__Ltext14                                     text14       000000
__Ltext15                                     text15       000000
__Ltext16                                     text16       000000
__Ltext17                                     text17       000000
__Ltext18                                     text18       000000
__Ltext19                                     text19       000000
__Ltext2                                      text2        000000
__Ltext20                                     text20       000000
__Ltext21                                     text21       000000
__Ltext22                                     text22       000000
__Ltext23                                     text23       000000
__Ltext24                                     text24       000000
__Ltext25                                     text25       000000
__Ltext26                                     text26       000000
__Ltext27                                     text27       000000
__Ltext28                                     text28       000000
__Ltext29                                     text29       000000
__Ltext3                                      text3        000000
__Ltext30                                     text30       000000
__Ltext31                                     text31       000000
__Ltext32                                     text32       000000
__Ltext33                                     text33       000000
__Ltext34                                     text34       000000
__Ltext35                                     text35       000000
__Ltext36                                     text36       000000
__Ltext37                                     text37       000000
__Ltext38                                     text38       000000
__Ltext39                                     text39       000000
__Ltext4                                      text4        000000
__Ltext40                                     text40       000000
__Ltext41                                     text41       000000
__Ltext42                                     text42       000000
__Ltext43                                     text43       000000
__Ltext44                                     text44       000000
__Ltext45                                     text45       000000
__Ltext46                                     text46       000000
__Ltext47                                     text47       000000
__Ltext48                                     text48       000000
__Ltext49                                     text49       000000
__Ltext5                                      text5        000000
__Ltext50                                     text50       000000
__Ltext51                                     text51       000000
__Ltext52                                     text52       000000
__Ltext53                                     text53       000000
__Ltext54                                     text54       000000
__Ltext55                                     text55       000000
__Ltext56                                     text56       000000
__Ltext57                                     text57       000000
__Ltext58                                     text58       000000
__Ltext59                                     text59       000000
__Ltext6                                      text6        000000
__Ltext60                                     text60       000000
__Ltext61                                     text61       000000
__Ltext62                                     text62       000000
__Ltext63                                     text63       000000
__Ltext64                                     text64       000000
__Ltext65                                     text65       000000
__Ltext66                                     text66       000000
__Ltext67                                     text67       000000
__Ltext68                                     text68       000000
__Ltext69                                     text69       000000
__Ltext7                                      text7        000000
__Ltext70                                     text70       000000
__Ltext71                                     text71       000000
__Ltext72                                     text72       000000
__Ltext73                                     text73       000000
__Ltext74                                     text74       000000
__Ltext75                                     text75       000000
__Ltext76                                     text76       000000
__Ltext77                                     text77       000000
__Ltext78                                     text78       000000
__Ltext79                                     text79       000000
__Ltext8                                      text8        000000
__Ltext80                                     text80       000000
__Ltext81                                     text81       000000
__Ltext82                                     text82       000000
__Ltext83                                     text83       000000
__Ltext84                                     text84       000000
__Ltext85                                     text85       000000
__Ltext86                                     text86       000000
__Ltext87                                     text87       000000
__Ltext88                                     text88       000000
__Ltext89                                     text89       000000
__Ltext9                                      text9        000000
__Ltext90                                     text90       000000
__Ltext91                                     text91       000000
__Ltext92                                     text92       000000
__Ltext93                                     text93       000000
__Ltext94                                     text94       000000
__Ltext95                                     text95       000000
__Ltext96                                     text96       000000
__Ltext97                                     text97       000000
__Ltext98                                     text98       000000
__Ltext99                                     text99       000000
__S0                                          (abs)        00597C
__S1                                          (abs)        00018F
__S4                                          (abs)        000000
__S5                                          (abs)        000000
___fladd                                      text27       002A56
___fladd@a                                    cstackBANK0  0000A4
___fladd@aexp                                 cstackBANK0  0000AD
___fladd@b                                    cstackBANK0  0000A0
___fladd@bexp                                 cstackBANK0  0000AE
___fladd@grs                                  cstackBANK0  0000AF
___fladd@signs                                cstackBANK0  0000AC
___fldiv                                      text70       003368
___fldiv@a                                    cstackBANK0  000072
___fldiv@aexp                                 cstackBANK0  000086
___fldiv@b                                    cstackBANK0  00006E
___fldiv@bexp                                 cstackBANK0  000085
___fldiv@grs                                  cstackBANK0  000081
___fldiv@new_exp                              cstackBANK0  00007F
___fldiv@rem                                  cstackBANK0  00007A
___fldiv@sign                                 cstackBANK0  00007E
___fleq                                       text22       004732
___fleq@ff1                                   cstackCOMRAM 00001C
___fleq@ff2                                   cstackCOMRAM 000020
___flge                                       text21       003F46
___flge@ff1                                   cstackBANK0  0000A0
___flge@ff2                                   cstackBANK0  0000A4
___flmul                                      text28       002F18
___flmul@a                                    cstackBANK0  00008B
___flmul@aexp                                 cstackBANK0  000094
___flmul@b                                    cstackBANK0  000087
___flmul@bexp                                 cstackBANK0  000095
___flmul@grs                                  cstackBANK0  000096
___flmul@prod                                 cstackBANK0  00009A
___flmul@sign                                 cstackBANK0  000093
___flmul@temp                                 cstackBANK0  00009E
___flneg                                      text20       00536C
___flneg@f1                                   cstackCOMRAM 00001C
___flsub                                      text26       00517A
___flsub@a                                    cstackBANK0  0000B4
___flsub@b                                    cstackBANK0  0000B0
___fltol                                      text19       003E40
___fltol@exp1                                 cstackCOMRAM 000025
___fltol@f1                                   cstackCOMRAM 00001C
___fltol@sign1                                cstackCOMRAM 000024
___fpclassifyf                                text18       004152
___fpclassifyf@F465                           bssCOMRAM    00003D
___fpclassifyf@e                              cstackCOMRAM 000024
___fpclassifyf@u                              cstackCOMRAM 000026
___fpclassifyf@x                              cstackCOMRAM 00001C
[...]
_rd2RegCompleteHandler                        text55       005286
_rd2RegCompleteHandler$intlevel0              text55       005290
_rdBlkRegCompleteHandler                      text53       004F46
_rdBlkRegCompleteHandler$intlevel0            text53       004F50
_read_prec_or_width                           text6        004500
_seed                                         nvCOMRAM     000039
_srand                                        text2        0056F2
_strcpy                                       text9        0051C2
_time                                         text1        005334
_uart1RxLastError                             bssCOMRAM    000044
_vfpfcnvrt                                    text5        003704
_vfprintf                                     text4        0050E2
_width                                        bssBANK0     0000F9
_wr1RegCompleteHandler                        text54       00524C
_wr1RegCompleteHandler$intlevel0              text54       005256
_wr2RegCompleteHandler                        text57       0052FA
_wr2RegCompleteHandler$intlevel0              text57       005304
efgtoa@c                                      cstackBANK0  0000BE
efgtoa@d                                      cstackBANK0  0000CC
efgtoa@e                                      cstackBANK0  0000D0
efgtoa@f                                      cstackBANK0  0000BA
efgtoa@fp                                     cstackBANK0  0000B8
efgtoa@g                                      cstackBANK0  0000E3
efgtoa@h                                      cstackBANK0  0000DA
efgtoa@i                                      cstackBANK0  0000D8
efgtoa@l                                      cstackBANK0  0000DE
efgtoa@m                                      cstackBANK0  0000CE
efgtoa@mode                                   cstackBANK0  0000CA
efgtoa@n                                      cstackBANK0  0000E7
efgtoa@ne                                     cstackBANK0  0000C1
efgtoa@nmode                                  cstackBANK0  0000CB
efgtoa@ou                                     cstackBANK0  0000D4
efgtoa@p                                      cstackBANK0  0000C3
efgtoa@pp                                     cstackBANK0  0000C9
efgtoa@sign                                   cstackBANK0  0000E2
efgtoa@t                                      cstackBANK0  0000C5
efgtoa@u                                      cstackBANK0  0000E9
efgtoa@w                                      cstackBANK0  0000D2
end_of_initialization                         cinit        00540C
floorf@F521                                   bssBANK0     0000F5
floorf@e                                      cstackBANK0  000095
floorf@m                                      cstackBANK0  000091
floorf@u                                      cstackBANK0  000097
floorf@x                                      cstackBANK0  000087
fputc@c                                       cstackCOMRAM 00001E
fputc@fp                                      cstackCOMRAM 000020
fputs@c                                       cstackCOMRAM 00002B
fputs@fp                                      cstackCOMRAM 000029
fputs@i                                       cstackCOMRAM 00002C
fputs@s                                       cstackCOMRAM 000027
generateRandomSpeed@base                      cstackBANK0  0000B8
generateRandomSpeed@range                     cstackBANK0  0000BC
i2I2C2_MasterSendTxData@data                  cstackCOMRAM 000001
i2I2C2_MasterSetCounter@counter               cstackCOMRAM 000001
i2I2C2_SetBuffer@buffer                       cstackCOMRAM 000001
i2I2C2_SetBuffer@bufferSize                   cstackCOMRAM 000003
i2I2C2_SetCallback@cb                         cstackCOMRAM 000001
i2I2C2_SetCallback@idx                        cstackCOMRAM 000006
i2I2C2_SetCallback@ptr                        cstackCOMRAM 000004
i2I2C2_SetDataCompleteCallback@cb             cstackCOMRAM 000007
i2I2C2_SetDataCompleteCallback@ptr            cstackCOMRAM 00000A
i2_I2C2_CallbackReturnReset                   text107      005974
i2_I2C2_CallbackReturnStop                    text108      005978
i2_I2C2_DO_RX_EMPTY                           text74       004884
i2_I2C2_DO_SEND_ADR_READ                      text75       005502
i2_I2C2_DO_SEND_ADR_WRITE                     text92       005758
i2_I2C2_MasterClearIrq                        text101      005912
i2_I2C2_MasterDisableRestart                  text105      005950
i2_I2C2_MasterEnableRestart                   text104      00594A
i2_I2C2_MasterSendTxData                      text102      0058CC
i2_I2C2_MasterSetCounter                      text103      0058D6
i2_I2C2_SetBuffer                             text116      00561A
i2_I2C2_SetCallback                           text115      004A50
i2_I2C2_SetDataCompleteCallback               text114      0056D6
i2_rd1RegCompleteHandler                      text112      0054A2
i2_rd2RegCompleteHandler                      text111      005472
i2_rdBlkRegCompleteHandler                    text109      005094
i2_wr1RegCompleteHandler                      text110      005442
i2_wr2RegCompleteHandler                      text113      0054D2
i2rd1RegCompleteHandler@ptr                   cstackCOMRAM 00000C
i2rd2RegCompleteHandler@ptr                   cstackCOMRAM 00000C
i2rdBlkRegCompleteHandler@ptr                 cstackCOMRAM 00000C
i2wr1RegCompleteHandler@ptr                   cstackCOMRAM 00000C
i2wr2RegCompleteHandler@ptr                   cstackCOMRAM 00000C
intlevel0                                     text         000000
intlevel1                                     text         000000
intlevel2                                     text         000000
intlevel3                                     text         000000
isa$std                                       (abs)        000001
isa$xinst                                     (abs)        000000
ivt0x8_base                                   ivt0x8       000008
labs@a                                        cstackCOMRAM 00001C
main@randomizedSpeed                          cstackBANK1  00018B
memcpy@d                                      cstackCOMRAM 000023
memcpy@d1                                     cstackCOMRAM 00001C
memcpy@n                                      cstackCOMRAM 000020
memcpy@s                                      cstackCOMRAM 000025
memcpy@s1                                     cstackCOMRAM 00001E
memcpy@tmp                                    cstackCOMRAM 000022
pad@buf                                       cstackBANK0  000062
pad@fp                                        cstackBANK0  000060
pad@i                                         cstackBANK0  000066
pad@p                                         cstackBANK0  000064
printf@ap                                     cstackBANK0  0000F3
printf@fmt                                    cstackBANK1  000184
putch@txData                                  cstackCOMRAM 00001D
rd1RegCompleteHandler@ptr                     cstackCOMRAM 000027
rd2RegCompleteHandler@ptr                     cstackCOMRAM 000027
rdBlkRegCompleteHandler@ptr                   cstackCOMRAM 000027
read_prec_or_width@ap                         cstackCOMRAM 000023
read_prec_or_width@c                          cstackCOMRAM 000026
read_prec_or_width@fmt                        cstackCOMRAM 000022
read_prec_or_width@n                          cstackCOMRAM 000027
srand@s                                       cstackCOMRAM 000020
stackhi                                       (abs)        000000
stacklo                                       (abs)        000000
start                                         init         00001A
start_initialization                          cinit        0053DC
strcpy@d                                      cstackCOMRAM 000020
strcpy@dest                                   cstackCOMRAM 00001C
strcpy@src                                    cstackCOMRAM 00001E
time@t                                        cstackCOMRAM 00001C
vfpfcnvrt@ap                                  cstackBANK0  0000F0
vfpfcnvrt@c                                   cstackBANK1  00017E
vfpfcnvrt@convarg                             cstackBANK1  00017A
vfpfcnvrt@cp                                  cstackBANK1  00017F
vfpfcnvrt@fmt                                 cstackBANK0  0000EF
vfpfcnvrt@fp                                  cstackBANK0  0000ED
vfprintf@ap                                   cstackBANK1  000183
vfprintf@cfmt                                 cstackCOMRAM 00002F
vfprintf@fmt                                  cstackBANK1  000182
vfprintf@fp                                   cstackBANK1  000180
wr1RegCompleteHandler@ptr                     cstackCOMRAM 000027
wr2RegCompleteHandler@ptr                     cstackCOMRAM 000027


MODULE INFORMATION

Module		Function		Class		Link	Load	Size
C:\Program Files\Microchip\xc8\v2.46\pic\sources\c99\common\fltol.c
		___fltol       		CODE           	3E40	0000	262

C:\Program Files\Microchip\xc8\v2.46\pic\sources\c99\common\fltol.c estimated size: 262

mcc_generated_files/examples/i2c2_master_example.c
		_I2C2_Read1ByteRegister		CODE           	4ADA	0000	128
		_wr1RegCompleteHandler		CODE           	524C	0000	58
		_wr2RegCompleteHandler		CODE           	52FA	0000	58
		_rdBlkRegCompleteHandler		CODE           	4F46	0000	88
		_rd1RegCompleteHandler		CODE           	52C0	0000	58
		_rd2RegCompleteHandler		CODE           	5286	0000	58

mcc_generated_files/examples/i2c2_master_example.c estimated size: 448

C:\Program Files\Microchip\xc8\v2.46\pic\sources\c99\common\printf.c
		_printf        		CODE           	563E	0000	34

C:\Program Files\Microchip\xc8\v2.46\pic\sources\c99\common\printf.c estimated size: 34

C:\Program Files\Microchip\xc8\v2.46\pic\sources\c99\common\floorf.c
		_floorf        		CODE           	394C	0000	534

C:\Program Files\Microchip\xc8\v2.46\pic\sources\c99\common\floorf.c estimated size: 534

C:\Program Files\Microchip\xc8\v2.46\pic\sources\c99\common\nf_fputc.c
		_fputc         		CODE           	4428	0000	216

C:\Program Files\Microchip\xc8\v2.46\pic\sources\c99\common\nf_fputc.c estimated size: 216

C:\Program Files\Microchip\xc8\v2.46\pic\sources\c99\common\rand.c
		_srand         		CODE           	56F2	0000	26
		_rand          		CODE           	4E16	0000	108

C:\Program Files\Microchip\xc8\v2.46\pic\sources\c99\common\rand.c estimated size: 134

mcc_generated_files/interrupt_manager.c
		_INTERRUPT_Initialize		CODE           	5968	0000	4
		_INTERRUPT_InterruptManager		CODE           	4342	0000	230

mcc_generated_files/interrupt_manager.c estimated size: 234

C:\Program Files\Microchip\xc8\v2.46\pic\sources\c99\common\xxtofl.c
		___xxtofl      		CODE           	3B62	0000	440

C:\Program Files\Microchip\xc8\v2.46\pic\sources\c99\common\xxtofl.c estimated size: 440

mcc_generated_files/pin_manager.c
		_PIN_MANAGER_Initialize		CODE           	47DC	0000	168

mcc_generated_files/pin_manager.c estimated size: 168

C:\Program Files\Microchip\xc8\v2.46\pic\sources\c99\common\flneg.c
		___flneg       		CODE           	536C	0000	56

C:\Program Files\Microchip\xc8\v2.46\pic\sources\c99\common\flneg.c estimated size: 56

C:\Program Files\Microchip\xc8\v2.46\pic\sources\c99\common\__fpclassifyf.c
		___fpclassifyf 		CODE           	4152	0000	254

C:\Program Files\Microchip\xc8\v2.46\pic\sources\c99\common\__fpclassifyf.c estimated size: 254

C:\Program Files\Microchip\xc8\v2.46\pic\sources\c99\common\sprcmul.c
		___flmul       		CODE           	2F18	0000	1104

C:\Program Files\Microchip\xc8\v2.46\pic\sources\c99\common\sprcmul.c estimated size: 1104

C:\Program Files\Microchip\xc8\v2.46\pic\sources\c99\common\strcpy.c
		_strcpy        		CODE           	51C2	0000	70

C:\Program Files\Microchip\xc8\v2.46\pic\sources\c99\common\strcpy.c estimated size: 70

C:\Program Files\Microchip\xc8\v2.46\pic\sources\c99\common\sprcdiv.c
		___fldiv       		CODE           	3368	0000	924

C:\Program Files\Microchip\xc8\v2.46\pic\sources\c99\common\sprcdiv.c estimated size: 924

C:\Program Files\Microchip\xc8\v2.46\pic\sources\c99\common\fleq.c
		___fleq        		CODE           	4732	0000	170

C:\Program Files\Microchip\xc8\v2.46\pic\sources\c99\common\fleq.c estimated size: 170

C:\Program Files\Microchip\xc8\v2.46\pic\sources\c99\common\doprnt.c
		_read_prec_or_width		CODE           	4500	0000	204
		_vfpfcnvrt     		CODE           	3704	0000	584
		_efgtoa        		CODE           	205C	0000	2554
		_pad           		CODE           	4D36	0000	114
		_vfprintf      		CODE           	50E2	0000	76

C:\Program Files\Microchip\xc8\v2.46\pic\sources\c99\common\doprnt.c estimated size: 3532

mcc_generated_files/uart1.c
		_UART1_Write   		CODE           	570C	0000	26
		_putch         		CODE           	58AE	0000	10
		_UART1_SetFramingErrorHandler		CODE           	5834	0000	14
		_UART1_SetOverrunErrorHandler		CODE           	5826	0000	14
		_UART1_Initialize		CODE           	4C4E	0000	116
		_UART1_SetErrorHandler		CODE           	5842	0000	14

mcc_generated_files/uart1.c estimated size: 194

mcc_generated_files/i2c2_master.c
		_I2C2_MasterResetBus		CODE           	58E0	0000	10
		_I2C2_MasterIsCountFlagSet		CODE           	57DC	0000	22
		_I2C2_DO_SEND_ADR_READ		CODE           	53A4	0000	56
		_I2C2_MasterEnableIrq		CODE           	57F2	0000	20
		_I2C2_DO_RX_NACK_STOP		CODE           	587A	0000	14
		_I2C2_DO_SEND_RESTART		CODE           	596C	0000	4
		_I2C2_MasterIsNackFlagSet		CODE           	57C6	0000	22
		_I2C2_DO_RX_EMPTY		CODE           	4684	0000	174
		_I2C2_DO_TX_EMPTY		CODE           	4B5A	0000	126
		_I2C2_DO_SEND_RESTART_READ		CODE           	5888	0000	14
		_I2C2_MasterClearNackFlag		CODE           	595C	0000	6
		_I2C2_CallbackReturnStop		CODE           	586C	0000	14
		_I2C2_DO_RX    		CODE           	4928	0000	158
		_I2C2_DO_TX    		CODE           	3D1A	0000	294
		_I2C2_SetAddressNackCallback		CODE           	569E	0000	28
		_I2C2_DO_IDLE  		CODE           	58A2	0000	12
		_I2C2_MasterOpen		CODE           	5412	0000	48
		_I2C2_MasterSendTxData		CODE           	58B8	0000	10
		_I2C2_MasterStop		CODE           	5932	0000	6
		_I2C2_MasterIsStopFlagSet		CODE           	57B0	0000	22
		_I2C2_CallbackReturnReset		CODE           	585E	0000	14
		_I2C2_DO_RESET 		CODE           	5816	0000	16
		_I2C2_DO_RX_ACK		CODE           	590A	0000	8
		_I2C2_DO_TX_ACK		CODE           	5902	0000	8
		_I2C2_MasterSendNack		CODE           	5938	0000	6
		_I2C2_DO_RX_NACK_RESTART		CODE           	58FA	0000	8
		_I2C2_MasterDisableIrq		CODE           	5680	0000	30
		_I2C2_ClearInterruptFlags		CODE           	4FF4	0000	82
		_I2C2_MasterOperation		CODE           	5046	0000	78
		_I2C2_MasterClearStopFlag		CODE           	5956	0000	6
		_I2C2_SetCallback		CODE           	49C6	0000	138
		_I2C2_MasterEnableRestart		CODE           	591A	0000	6
		_I2C2_MasterGetCounter		CODE           	592C	0000	6
		_I2C2_MasterSetCounter		CODE           	58C2	0000	10
		_I2C2_Open     		CODE           	45CC	0000	184
		_I2C2_DO_ADDRESS_NACK		CODE           	4DA8	0000	110
		_I2C2_MasterDisableRestart		CODE           	5920	0000	6
		_I2C2_MasterClearCountFlag		CODE           	5962	0000	6
		_I2C2_SetBuffer		CODE           	55F6	0000	36
		_I2C2_DO_SEND_RESTART_WRITE		CODE           	5970	0000	4
		_I2C2_MasterIsTxBufEmpty		CODE           	576E	0000	22
		_I2C2_MasterClose		CODE           	5896	0000	12
		_I2C2_MasterWrite		CODE           	58EA	0000	8
		_I2C2_Initialize		CODE           	55D2	0000	36
		_I2C2_Close    		CODE           	5530	0000	44
		_I2C2_MasterIsRxBufFull		CODE           	579A	0000	22
		_I2C2_MasterIsNack		CODE           	5784	0000	22
		_I2C2_DO_SEND_ADR_WRITE		CODE           	5660	0000	32
		_I2C2_MasterClearIrq		CODE           	58F2	0000	8
		_I2C2_SetDataCompleteCallback		CODE           	56BA	0000	28
		_I2C2_DO_SEND_STOP		CODE           	5586	0000	40
		_I2C2_DO_BUS_COLLISION		CODE           	4BD8	0000	118
		_I2C2_DO_BUS_ERROR		CODE           	5806	0000	16
		_I2C2_MasterSendAck		CODE           	593E	0000	6
		_I2C2_MasterFsm		CODE           	4CC2	0000	116
		_I2C2_MasterIsr		CODE           	5926	0000	6
		_I2C2_MasterGetRxData		CODE           	5944	0000	6
		_I2C2_SetInterruptHandler		CODE           	5850	0000	14

mcc_generated_files/i2c2_master.c estimated size: 2378

shared
		i2_I2C2_DO_SEND_ADR_WRITE		CODE           	5758	0000	22
		i2_I2C2_MasterSetCounter		CODE           	58D6	0000	10
		i2_I2C2_MasterClearIrq		CODE           	5912	0000	8
		i2_I2C2_SetDataCompleteCallback		CODE           	56D6	0000	28
		i2_I2C2_CallbackReturnReset		CODE           	5974	0000	4
		i2_I2C2_SetBuffer		CODE           	561A	0000	36
		i2_rd1RegCompleteHandler		CODE           	54A2	0000	48
		__initialization		CODE           	53DC	0000	48
		i2_I2C2_MasterSendTxData		CODE           	58CC	0000	10
		i2_rd2RegCompleteHandler		CODE           	5472	0000	48
		i2_I2C2_SetCallback		CODE           	4A50	0000	138
		i2_I2C2_DO_SEND_ADR_READ		CODE           	5502	0000	46
		_i2c2_fsmStateTable		SMALLCONST     	2001	0000	57
		i2_I2C2_MasterEnableRestart		CODE           	594A	0000	6
		i2_wr1RegCompleteHandler		CODE           	5442	0000	48
		i2_I2C2_MasterDisableRestart		CODE           	5950	0000	6
		i2_I2C2_DO_RX_EMPTY		CODE           	4884	0000	164
		i2_I2C2_CallbackReturnStop		CODE           	5978	0000	4
		i2_rdBlkRegCompleteHandler		CODE           	5094	0000	78
		i2_wr2RegCompleteHandler		CODE           	54D2	0000	48

shared estimated size: 857

C:\Program Files\Microchip\xc8\v2.46\pic\sources\c99\common\Umul16.c
		___wmul        		CODE           	555C	0000	42

C:\Program Files\Microchip\xc8\v2.46\pic\sources\c99\common\Umul16.c estimated size: 42

mcc_generated_files/mcc.c
		_PMD_Initialize		CODE           	55AE	0000	36
		_OSCILLATOR_Initialize		CODE           	5740	0000	24
		_SYSTEM_Initialize		CODE           	5726	0000	26

mcc_generated_files/mcc.c estimated size: 86

C:\Program Files\Microchip\xc8\v2.46\pic\sources\c99\common\nf_fputs.c
		_fputs         		CODE           	5208	0000	68

C:\Program Files\Microchip\xc8\v2.46\pic\sources\c99\common\nf_fputs.c estimated size: 68

C:\Program Files\Microchip\xc8\v2.46\pic\sources\c99\common\sprcadd.c
		___flsub       		CODE           	517A	0000	72
		___fladd       		CODE           	2A56	0000	1218

C:\Program Files\Microchip\xc8\v2.46\pic\sources\c99\common\sprcadd.c estimated size: 1290

C:\Program Files\Microchip\xc8\v2.46\pic\sources\c99\common\memcpy.c
		_memcpy        		CODE           	4EEC	0000	90

C:\Program Files\Microchip\xc8\v2.46\pic\sources\c99\common\memcpy.c estimated size: 90

C:\Program Files\Microchip\xc8\v2.46\pic\sources\c99\common\time.c
		_time          		CODE           	5334	0000	56

C:\Program Files\Microchip\xc8\v2.46\pic\sources\c99\common\time.c estimated size: 56

C:\Program Files\Microchip\xc8\v2.46\pic\sources\c99\common\labs.c
		_labs          		CODE           	4F9E	0000	86

C:\Program Files\Microchip\xc8\v2.46\pic\sources\c99\common\labs.c estimated size: 86

main.c
		_generateRandomSpeed		CODE           	404C	0000	262
		_main          		CODE           	4250	0000	242
		_Humidity_Format		CODE           	512E	0000	76

main.c estimated size: 580

C:\Program Files\Microchip\xc8\v2.46\pic\sources\c99\common\Umul32.c
		___lmul        		CODE           	4E82	0000	106

C:\Program Files\Microchip\xc8\v2.46\pic\sources\c99\common\Umul32.c estimated size: 106

C:\Program Files\Microchip\xc8\v2.46\pic\sources\c99\common\flge.c
		___flge        		CODE           	3F46	0000	262

C:\Program Files\Microchip\xc8\v2.46\pic\sources\c99\common\flge.c estimated size: 262

